| exprs.kt:278:52:278:66 | <error expr> | ErrorExpr | unexpected dead end |
| exprs.kt:278:52:278:66 | { ... } | BlockStmt | unexpected dead end |
