| var_decls.swift:24:15:24:15 | wrapped | var_decls.swift:24:15:24:15 | _wrapped |
| var_decls.swift:54:10:54:10 | w1 | var_decls.swift:54:10:54:10 | _w1 |
| var_decls.swift:55:24:55:24 | w2 | var_decls.swift:55:24:55:24 | _w2 |
| var_decls.swift:56:29:56:29 | w3 | var_decls.swift:56:29:56:29 | _w3 |
| var_decls.swift:57:36:57:36 | w4 | var_decls.swift:57:36:57:36 | _w4 |
