| var_decls.swift:56:29:56:29 | w3 | file://:0:0:0:0 | var ... = ... |
| var_decls.swift:57:36:57:36 | w4 | file://:0:0:0:0 | var ... = ... |
