| var_decls.swift:56:29:56:29 | w3 | var_decls.swift:56:29:56:29 | $w3 |
| var_decls.swift:57:36:57:36 | w4 | var_decls.swift:57:36:57:36 | $w4 |
