| user.kt:1:40:1:58 | contains(...) |
| user.kt:1:63:1:74 | contains(...) |
