| param_decls.swift:48:18:48:22 | p1 | param_decls.swift:48:18:48:18 | _p1 |
| param_decls.swift:49:26:49:30 | p2 | param_decls.swift:49:26:49:26 | _p2 |
| param_decls.swift:50:31:50:35 | p3 | file://:0:0:0:0 | _p3 |
| param_decls.swift:51:38:51:42 | p4 | file://:0:0:0:0 | _p4 |
