| param_decls.swift:48:18:48:22 | p1 | file://:0:0:0:0 | var ... = ... |
| param_decls.swift:49:26:49:30 | p2 | file://:0:0:0:0 | var ... = ... |
