| param_decls.swift:48:18:48:22 | p1 | param_decls.swift:48:18:48:18 | p1 |
| param_decls.swift:49:26:49:30 | p2 | param_decls.swift:49:26:49:26 | p2 |
| param_decls.swift:50:31:50:35 | p3 | param_decls.swift:50:31:50:31 | p3 |
| param_decls.swift:51:38:51:42 | p4 | param_decls.swift:51:38:51:38 | p4 |
