| param_decls.swift:50:31:50:35 | p3 | file://:0:0:0:0 | var ... = ... |
| param_decls.swift:51:38:51:42 | p4 | file://:0:0:0:0 | var ... = ... |
