| param_decls.swift:50:31:50:35 | p3 | param_decls.swift:50:31:50:31 | $p3 |
| param_decls.swift:51:38:51:42 | p4 | param_decls.swift:51:38:51:38 | $p4 |
