| functionReference.kt:8:52:8:65 | taint(...) | functionReference.kt:8:21:8:66 | process(...) |
| functionReference.kt:10:71:10:84 | taint(...) | functionReference.kt:10:21:10:85 | process(...) |
| functionReference.kt:12:48:12:61 | taint(...) | functionReference.kt:12:21:12:62 | process(...) |
| functionReference.kt:19:17:19:30 | taint(...) | functionReference.kt:15:21:15:51 | process(...) |
| lambda.kt:4:57:4:70 | taint(...) | lambda.kt:4:21:4:77 | process(...) |
| lambda.kt:6:53:6:66 | taint(...) | lambda.kt:6:21:6:67 | process(...) |
| lambda.kt:7:62:7:75 | taint(...) | lambda.kt:7:21:7:76 | process(...) |
| lambda.kt:10:74:10:87 | taint(...) | lambda.kt:10:21:10:88 | processExt(...) |
| lambda.kt:11:59:11:72 | taint(...) | lambda.kt:11:21:11:91 | processExt(...) |
| lambda.kt:14:138:14:151 | taint(...) | lambda.kt:14:21:14:170 | process(...) |
| lambda.kt:15:156:15:169 | taint(...) | lambda.kt:15:21:15:170 | process(...) |
| lambda.kt:28:28:28:41 | taint(...) | lambda.kt:28:21:28:60 | invoke(...) |
| lambda.kt:30:36:30:49 | taint(...) | lambda.kt:30:21:30:69 | invoke(...) |
| lambda.kt:31:54:31:67 | taint(...) | lambda.kt:31:21:31:69 | invoke(...) |
| localFunction.kt:3:21:3:34 | taint(...) | localFunction.kt:6:21:6:25 | fn1(...) |
| localFunction.kt:7:25:7:38 | taint(...) | localFunction.kt:7:21:7:39 | fn2(...) |
| localFunction.kt:9:29:9:42 | taint(...) | localFunction.kt:12:21:12:25 | fn3(...) |
| localFunction.kt:13:25:13:38 | taint(...) | localFunction.kt:13:21:13:39 | fn4(...) |
| samConversion.kt:11:30:11:43 | taint(...) | samConversion.kt:14:21:14:29 | go(...) |
| samConversion.kt:15:27:15:40 | taint(...) | samConversion.kt:15:21:15:41 | go(...) |
| samConversion.kt:17:34:17:47 | taint(...) | samConversion.kt:20:21:20:29 | go(...) |
| samConversion.kt:21:27:21:40 | taint(...) | samConversion.kt:21:21:21:41 | go(...) |
