| test.kt:31:17:31:24 | source(...) | test.kt:31:10:31:25 | f(...) |
| test.kt:32:17:32:24 | source(...) | test.kt:32:10:32:25 | g(...) |
