| NotNullExpr.kt:7:14:7:20 | taint(...) | NotNullExpr.kt:8:12:8:33 | getQueryParameter(...) |
