| stmts.kt:47:5:55:5 | try ... | stmts.kt:47:9:49:5 | { ... } |
