| test.kt:3:8:3:28 | f(...) | test.kt:3:8:3:28 | f | test.kt:1:1:5:1 | A |
| test.kt:11:16:11:23 | f$default(...) | test.kt:3:8:3:28 | f$default | test.kt:1:1:5:1 | A |
