| P<Int, String> | 0 | Int |
| P<Int, String> | 1 | String |
