| test.kt:20:29:20:31 | new C(...) | test.kt:23:14:23:28 | self1(...) |
| test.kt:20:29:20:31 | new C(...) | test.kt:26:14:26:28 | self2(...) |
| test.kt:20:29:20:31 | new C(...) | test.kt:29:14:29:29 | fn1(...) |
| test.kt:20:29:20:31 | new C(...) | test.kt:32:14:32:29 | fn2(...) |
| test.kt:20:29:20:31 | new C(...) | test.kt:35:14:35:31 | call1(...) |
| test.kt:20:29:20:31 | new C(...) | test.kt:38:14:38:28 | call2(...) |
