| arrayIterators.kt:10:14:10:25 | iterator(...) | iterator(java.lang.Object[]) | kotlin.jvm.internal.ArrayIteratorKt |
| arrayIterators.kt:11:14:11:25 | iterator(...) | iterator(int[]) | kotlin.jvm.internal.ArrayIteratorsKt |
| arrayIterators.kt:12:14:12:25 | iterator(...) | iterator(boolean[]) | kotlin.jvm.internal.ArrayIteratorsKt |
